---
source: tests/integration/install.rs
expression: result
---
Packages:
  Minimal.lua: "return require(script.Parent._Index[\"biff_minimal-shared@0.1.0\"][\"minimal-shared\"])\n"
  _Index:
    biff_minimal-shared@0.1.0:
      minimal-shared:
        default.project.json: "{\n  \"name\": \"minimal-shared\",\n  \"tree\": {\n    \"$path\": \"src\"\n  }\n}"
        src:
          init.lua: "return \"hey\""
        wally.toml: "[package]\nname = \"biff/minimal-shared\"\nversion = \"0.1.0\"\nlicense = \"MIT\"\nrealm = \"shared\"\nregistry = \"test-registries/primary-registry\"\n"
ServerPackages:
  _Index:
    biff_server-depends-on-shared@0.1.0:
      Minimal.lua: "return require(game.ReplicatedStorage.Packages._Index[\"biff_minimal-shared@0.1.0\"][\"minimal-shared\"])\n"
      server-depends-on-shared:
        default.project.json: "{\n  \"name\": \"server-depends-on-shared\",\n  \"tree\": {\n    \"$path\": \"src\"\n  }\n}"
        src:
          init.lua: "local Minimal = require(script.Parent.Minimal)\n\nreturn function()\n\tprint(Minimal)\nend"
        wally.toml: "[package]\nname = \"biff/server-depends-on-shared\"\nversion = \"0.1.0\"\nlicense = \"MIT\"\nrealm = \"server\"\nregistry = \"test-registries/primary-registry\"\n\n[dependencies]\nMinimal = \"biff/minimal-shared@0.1.0\"\n"
  sdos.lua: "return require(script.Parent._Index[\"biff_server-depends-on-shared@0.1.0\"][\"server-depends-on-shared\"])\n"
default.project.json: "{\r\n\t\"name\": \"cross-realm-explicit-dependency\",\r\n\t\"tree\": {\r\n\t\t\"$path\": \"src\"\r\n\t}\r\n}"
rbxpm.lock: "# This file is automatically @generated by rbxpm.\n# It is not intended for manual editing.\nregistry = \"test\"\n\n[[package]]\nname = \"biff/cross-realm-explicit-dependency\"\nversion = \"0.1.0\"\ndependencies = [[\"Minimal\", \"biff/minimal-shared@0.1.0\"], [\"sdos\", \"biff/server-depends-on-shared@0.1.0\"]]\n\n[[package]]\nname = \"biff/minimal-shared\"\nversion = \"0.1.0\"\ndependencies = []\n\n[[package]]\nname = \"biff/server-depends-on-shared\"\nversion = \"0.1.0\"\ndependencies = [[\"Minimal\", \"biff/minimal-shared@0.1.0\"]]\n"
rbxpm.toml: "[package]\r\nname = \"biff/cross-realm-explicit-dependency\"\r\nversion = \"0.1.0\"\r\nlicense = \"MIT\"\r\nrealm = \"shared\"\r\nregistry = \"test-registries/primary-registry\"\r\n\r\n[place]\r\nshared-packages = \"game.ReplicatedStorage.Packages\"\r\n\r\n[dependencies]\r\nMinimal = \"biff/minimal-shared@0.1.0\"\r\n\r\n[server-dependencies]\r\nsdos = \"biff/server-depends-on-shared@0.1.0\"\r\n"
src:
  init.lua: "local Minimal = require(script.Parent.Minimal)\r\nlocal sdos = require(script.Parent.sdos)\r\n\r\nreturn function()\r\n\tprint(Minimal)\r\n\tsdos()\r\nend"

