---
source: tests/integration/install.rs
expression: result
---
ServerPackages:
  Minimal.lua: "return require(script.Parent._Index[\"biff_minimal@0.1.0\"][\"minimal\"])\n"
  _Index:
    biff_minimal@0.1.0:
      minimal:
        init.lua: "return \"hey\""
default.project.json: "{\r\n\t\"name\": \"one-dependency\",\r\n\t\"tree\": {\r\n\t\t\"$path\": \"src\"\r\n\t}\r\n}"
rbxpm.lock: "# This file is automatically @generated by rbxpm.\n# It is not intended for manual editing.\nregistry = \"test\"\n\n[[package]]\nname = \"biff/minimal\"\nversion = \"0.1.0\"\ndependencies = []\n\n[[package]]\nname = \"biff/one-dependency\"\nversion = \"0.1.0\"\ndependencies = [[\"Minimal\", \"biff/minimal@0.1.0\"]]\n"
rbxpm.toml: "[package]\r\nname = \"biff/one-dependency\"\r\nversion = \"0.1.0\"\r\nlicense = \"MIT\"\r\nrealm = \"server\"\r\nregistry = \"test-registries/primary-registry\"\r\n\r\n[server-dependencies]\r\nMinimal = \"biff/minimal@0.1.0\"\r\n"
src:
  init.lua: "local Minimal = require(script.Parent.Minimal)\r\n\r\nreturn function()\r\n\tprint(Minimal)\r\nend"

